<?xml version="1.0" encoding="UTF-8"?><mappingRoot xmlns="http://www.ibm.com/2008/ccl/Mapping" domainID="com.ibm.msl.mapping.xml" domainIDExtension="mb" mainMap="true" targetNamespace="UnitTest" version="8.0.5.0" xmlns:map="UnitTest">
    <inlinedXMLSchema targetNamespace="http://www.ibm.com/iib/msl/json"><![CDATA[<?xml version="1.0" encoding="UTF-8"?><xsd:schema xmlns:xsd="http://www.w3.org/2001/XMLSchema" targetNamespace="http://www.ibm.com/iib/msl/json">    
        <xsd:import schemaLocation="/databasemodel.xsd"/>    
    <xsd:complexType block="#all" name="JSONArray_2">  
    <xsd:sequence>  
      <xsd:element maxOccurs="unbounded" minOccurs="0" name="Item" nillable="true" type="employeeType"/>  
    </xsd:sequence>  
  </xsd:complexType>  
</xsd:schema>]]></inlinedXMLSchema>
    <inlinedXMLSchema><![CDATA[<?xml version="1.0" encoding="UTF-8"?><xsd:schema xmlns:xsd="http://www.w3.org/2001/XMLSchema" xmlns:Q1="http://test/test"> 
    <xsd:import namespace="http://test/test" schemaLocation="/test/test/test.xsd"/> 
    <xsd:element name="coffeeshop" type="Q1:coffeeshopType"/> 
</xsd:schema>]]></inlinedXMLSchema>
    <input path="jar:file://!com/ibm/etools/mft/map/xsds/assembly/Environment.xsd" var="var2"/>
    <input inlinedXMLSchema="true" path="../schema_0.xsd" targetNamespace="http://www.ibm.com/iib/msl/json" var="var1"/>
    <input path="jar:file://!com/ibm/etools/mft/map/xsds/predefined/JsonDomainMsg.xsd" var="var3"/>
    <input inlinedXMLSchema="true" path="../schema_1.xsd" var="var"/>
    <input inlinedXMLSchema="true" path="../schema_1.xsd" var="var4"/>
    <output path="jar:file://!com/ibm/etools/mft/map/xsds/assembly/Environment.xsd" var="var5"/>
    <output path="/test/test/test.xsd" var="var6"/>
    <imports>
        <import kind="java" location="utils.GenerateName" namespace="xalan://utils.GenerateName"/>
    </imports>
    <namespaces>
        <namespace kind="supplement" prefix="io" uri="http://www.ibm.com/iib/msl/json"/>
        <namespace kind="supplement" prefix="out" uri="http://test/test"/>
        <namespace kind="extension" prefix="GenerateName" uri="xalan://utils.GenerateName"/>
    </namespaces>
    <generation engine="xquery"/>
    <mappingDeclaration name="db1Test_Mapping">
        <input path="$var2/mb:env(Environment)" var="Environment">
            <cast castType="userDefined" path="$Environment/Variables/any" qualifier="coffeeshop" ref="var" var="any"/>
        </input>
        <input namespace="http://www.ibm.com/iib/msl/json" path="$var3/mb:msg(JSON,assembly,JSON,Properties)" var="MessageAssembly">
            <cast castType="userDefined" path="$MessageAssembly/JSON/Data/type('anyType')" qualifier="{http://www.ibm.com/iib/msl/json}JSONArray_2" ref="var1" var="anyType"/>
        </input>
        <output path="$var5/mb:env(Environment)" var="Environment1">
            <cast castType="userDefined" path="$Environment1/Variables/any" qualifier="coffeeshop" ref="var" var="any1"/>
        </output>
        <output namespace="http://test/test" path="$var6/mb:msg(coffeeshop,assembly,XMLNSC,Properties)" var="MessageAssembly2"/>
        <passthrough>
            <input path="$Environment/."/>
            <output path="$Environment1/."/>
            <updates/>
        </passthrough>
        <move>
            <input path="$MessageAssembly/Properties"/>
            <output path="$MessageAssembly2/Properties"/>
        </move>
        <move>
            <input path="$MessageAssembly/JSON/spath('Data',2)/Item[1]/address"/>
            <output path="$MessageAssembly2/coffeeshop/manager"/>
        </move>
        <move>
            <input path="$Environment/Variables/coffeeshop[1]/name"/>
            <output path="$MessageAssembly2/coffeeshop/name"/>
        </move>
        <customFunction lang="java" ref="GenerateName:generateName">
            <input path="$Environment/Variables/coffeeshop/id" var="id"/>
            <output path="$MessageAssembly2/coffeeshop/address"/>
            <param name="inputName" value="$id"/>
        </customFunction>
    </mappingDeclaration>
</mappingRoot>